2026-07-01 00:56:46 INFO  (LoggingInitialization) Using log config file: jar:file:/home/agluszak/Downloads/ghidra_12.1.2_PUBLIC_20260605/ghidra_12.1.2_PUBLIC/Ghidra/Framework/Generic/lib/Generic.jar!/generic.log4j.xml  
2026-07-01 00:56:46 INFO  (LoggingInitialization) Using log file: /home/agluszak/code/decomp/imperialism-decomp/vendor/msvc500/fid-generation/logs/fidb-create2.log  
2026-07-01 00:56:46 DEBUG (GhidraObjectInputFilter) Including serial input filter: FileSystem/data/client.rmi.serial.filter  
2026-07-01 00:56:46 INFO  (Preferences) Loading user preferences: /home/agluszak/.config/ghidra/ghidra_12.1.2_PUBLIC/preferences  
2026-07-01 00:56:46 INFO  (Preferences) Loading previous preferences: /home/agluszak/.config/ghidra/ghidra_12.1_PUBLIC/preferences  
2026-07-01 00:56:46 INFO  (ClassSearcher) Searching for classes...  
2026-07-01 00:56:46 INFO  (ClassSearcher) Class search complete (516 ms)  
2026-07-01 00:56:46 INFO  (DefaultSSLContextInitializer) Initializing SSL Context  
2026-07-01 00:56:46 INFO  (SecureRandomFactory) Initializing Random Number Generator...  
2026-07-01 00:56:46 INFO  (SecureRandomFactory) Random Number Generator initialization complete: NativePRNGNonBlocking  
2026-07-01 00:56:46 INFO  (DefaultTrustManagerFactory) Trust manager disabled, cacerts have not been set  
2026-07-01 00:56:46 WARN  (HeadlessAnalyzer) Neither the -import parameter nor the -process parameter was specified; therefore, the specified prescripts and/or postscripts will be executed without any type of program context.  
2026-07-01 00:56:46 INFO  (AnalyzeHeadless) Headless startup complete (1030 ms)  
2026-07-01 00:56:46 INFO  (ClassSearcher) Class searcher loaded 59 extension points (20 false positives)  
2026-07-01 00:56:47 INFO  (HeadlessAnalyzer) HEADLESS Script Paths:
    /home/agluszak/Downloads/ghidra_12.1.2_PUBLIC_20260605/ghidra_12.1.2_PUBLIC/Ghidra/Processors/DATA/ghidra_scripts
    /home/agluszak/Downloads/ghidra_12.1.2_PUBLIC_20260605/ghidra_12.1.2_PUBLIC/Ghidra/Features/VersionTracking/ghidra_scripts
    /home/agluszak/Downloads/ghidra_12.1.2_PUBLIC_20260605/ghidra_12.1.2_PUBLIC/Ghidra/Features/FileFormats/ghidra_scripts
    /home/agluszak/Downloads/ghidra_12.1.2_PUBLIC_20260605/ghidra_12.1.2_PUBLIC/Ghidra/Debug/Debugger/ghidra_scripts
    /home/agluszak/Downloads/ghidra_12.1.2_PUBLIC_20260605/ghidra_12.1.2_PUBLIC/Ghidra/Features/GnuDemangler/ghidra_scripts
    /home/agluszak/Downloads/ghidra_12.1.2_PUBLIC_20260605/ghidra_12.1.2_PUBLIC/Ghidra/Processors/JVM/ghidra_scripts
    /home/agluszak/Downloads/ghidra_12.1.2_PUBLIC_20260605/ghidra_12.1.2_PUBLIC/Ghidra/Features/DecompilerDependent/ghidra_scripts
    /home/agluszak/Downloads/ghidra_12.1.2_PUBLIC_20260605/ghidra_12.1.2_PUBLIC/Ghidra/Processors/8051/ghidra_scripts
    /home/agluszak/Downloads/ghidra_12.1.2_PUBLIC_20260605/ghidra_12.1.2_PUBLIC/Ghidra/Features/PyGhidra/ghidra_scripts
    /home/agluszak/Downloads/ghidra_12.1.2_PUBLIC_20260605/ghidra_12.1.2_PUBLIC/Ghidra/Features/PDB/ghidra_scripts
    /home/agluszak/Downloads/ghidra_12.1.2_PUBLIC_20260605/ghidra_12.1.2_PUBLIC/Ghidra/Debug/Debugger-rmi-trace/ghidra_scripts
    /home/agluszak/Downloads/ghidra_12.1.2_PUBLIC_20260605/ghidra_12.1.2_PUBLIC/Ghidra/Features/WildcardAssembler/ghidra_scripts
    /home/agluszak/Downloads/ghidra_12.1.2_PUBLIC_20260605/ghidra_12.1.2_PUBLIC/Ghidra/Features/SwiftDemangler/ghidra_scripts
    /home/agluszak/Downloads/ghidra_12.1.2_PUBLIC_20260605/ghidra_12.1.2_PUBLIC/Ghidra/Features/BSim/ghidra_scripts
    /home/agluszak/Downloads/ghidra_12.1.2_PUBLIC_20260605/ghidra_12.1.2_PUBLIC/Ghidra/Features/Base/ghidra_scripts
    /home/agluszak/Downloads/ghidra_12.1.2_PUBLIC_20260605/ghidra_12.1.2_PUBLIC/Ghidra/Features/BytePatterns/ghidra_scripts
    /home/agluszak/Downloads/ghidra_12.1.2_PUBLIC_20260605/ghidra_12.1.2_PUBLIC/Ghidra/Processors/PIC/ghidra_scripts
    /home/agluszak/Downloads/ghidra_12.1.2_PUBLIC_20260605/ghidra_12.1.2_PUBLIC/Ghidra/Features/MicrosoftCodeAnalyzer/ghidra_scripts
    /home/agluszak/Downloads/ghidra_12.1.2_PUBLIC_20260605/ghidra_12.1.2_PUBLIC/Ghidra/Features/SystemEmulation/ghidra_scripts
    /home/agluszak/Downloads/ghidra_12.1.2_PUBLIC_20260605/ghidra_12.1.2_PUBLIC/Ghidra/Features/Decompiler/ghidra_scripts
    /home/agluszak/Downloads/ghidra_12.1.2_PUBLIC_20260605/ghidra_12.1.2_PUBLIC/Ghidra/Features/FunctionID/ghidra_scripts
    /home/agluszak/Downloads/ghidra_12.1.2_PUBLIC_20260605/ghidra_12.1.2_PUBLIC/Ghidra/Processors/Atmel/ghidra_scripts  
2026-07-01 00:56:47 INFO  (HeadlessAnalyzer) HEADLESS: execution starts  
2026-07-01 00:56:47 INFO  (HeadlessAnalyzer) Opening existing project: /home/agluszak/code/decomp/imperialism-decomp/vendor/msvc500/fid-generation/project/msvc500-fid  
2026-07-01 00:56:47 INFO  (HeadlessProject) Opening project: /home/agluszak/code/decomp/imperialism-decomp/vendor/msvc500/fid-generation/project/msvc500-fid  
2026-07-01 00:56:47 INFO  (HeadlessAnalyzer) REPORT: Execute script: CreateEmptyFidDatabase.java '/home/agluszak/code/decomp/imperialism-decomp/vendor/msvc500/fid-generation/fidb/msvc500.fidb'   
2026-07-01 00:56:47 INFO  (HeadlessAnalyzer) SCRIPT: /home/agluszak/Downloads/ghidra_12.1.2_PUBLIC_20260605/ghidra_12.1.2_PUBLIC/Ghidra/Features/FunctionID/ghidra_scripts/CreateEmptyFidDatabase.java  
2026-07-01 00:56:47 DEBUG (PackedDatabase) Packing database /tmp/agluszak-ghidra/~tmp287680F9.pdb.db/db.1.gbf -> /home/agluszak/code/decomp/imperialism-decomp/vendor/msvc500/fid-generation/fidb/msvc500.fidb  
