2026-06-30 12:43:34 ERROR FunctionIDHeadlessPostscript.java> /initcoll.obj has no normal-sized functions (>= 6 bytes long)  
2026-06-30 12:43:35 ERROR FunctionIDHeadlessPostscript.java> /atlssup.obj has no functions  
2026-06-30 12:43:37 ERROR FunctionIDHeadlessPostscript.java> /nlsdata3.obj has no functions  
2026-06-30 12:43:43 ERROR FunctionIDHeadlessPostscript.java> /dbgheap.obj has no functions  
2026-06-30 12:43:44 ERROR FunctionIDHeadlessPostscript.java> /nlsdata2.obj has no functions  
2026-06-30 12:43:46 ERROR FunctionIDHeadlessPostscript.java> /cmiscdat.obj has no functions  
2026-06-30 12:43:48 ERROR FunctionIDHeadlessPostscript.java> /dbghook.obj has no functions  
2026-06-30 12:43:48 ERROR FunctionIDHeadlessPostscript.java> /charmax.obj has no functions  
2026-06-30 12:43:49 ERROR FunctionIDHeadlessPostscript.java> /tlssup.obj has no functions  
2026-06-30 12:43:52 ERROR FunctionIDHeadlessPostscript.java> /dbgnew.obj has no functions  
2026-06-30 12:44:01 ERROR FunctionIDHeadlessPostscript.java> /_newmode.obj has no functions  
2026-06-30 12:44:02 ERROR FunctionIDHeadlessPostscript.java> /mterrno.obj has no functions  
2026-06-30 12:44:13 ERROR FunctionIDHeadlessPostscript.java> /timeset.obj has no functions  
2026-06-30 12:44:16 ERROR FunctionIDHeadlessPostscript.java> /syserr.obj has no functions  
2026-06-30 12:44:16 ERROR FunctionIDHeadlessPostscript.java> /ctype.obj has no functions  
2026-06-30 12:44:16 ERROR FunctionIDHeadlessPostscript.java> /ncommode.obj has no functions  
2026-06-30 12:44:24 ERROR FunctionIDHeadlessPostscript.java> /setjmpex.obj has no normal-sized functions (>= 6 bytes long)  
2026-06-30 12:44:25 ERROR FunctionIDHeadlessPostscript.java> /nlsdata1.obj has no functions  
2026-06-30 12:44:28 ERROR FunctionIDHeadlessPostscript.java> /days.obj has no functions  
2026-06-30 12:44:32 ERROR FunctionIDHeadlessPostscript.java> /crt0init.obj has no functions  
2026-06-30 12:44:41 ERROR FunctionIDHeadlessPostscript.java> /dbgdel.obj has no functions  
2026-06-30 12:44:44 ERROR FunctionIDHeadlessPostscript.java> /txtmode.obj has no functions  
2026-06-30 12:44:45 ERROR FunctionIDHeadlessPostscript.java> /fileinfo.obj has no functions  
2026-06-30 12:44:51 ERROR FunctionIDHeadlessPostscript.java> /dbgrpt.obj has no functions  
2026-06-30 12:44:54 ERROR FunctionIDHeadlessPostscript.java> /chkstk.obj has no functions  
2026-06-30 12:44:56 ERROR FunctionIDHeadlessPostscript.java> /enable.obj has no normal-sized functions (>= 6 bytes long)  
2026-06-30 12:45:10 ERROR FunctionIDHeadlessPostscript.java> /spnp.obj has no functions  
2026-06-30 12:45:11 ERROR FunctionIDHeadlessPostscript.java> /pbrk.obj has no functions  
2026-06-30 12:45:11 ERROR FunctionIDHeadlessPostscript.java> /ncpy.obj has no functions  
2026-06-30 12:45:11 ERROR FunctionIDHeadlessPostscript.java> /cmp.obj has no functions  
2026-06-30 12:45:11 ERROR FunctionIDHeadlessPostscript.java> /nbcnt.obj has no functions  
2026-06-30 12:45:11 ERROR FunctionIDHeadlessPostscript.java> /inc.obj has no functions  
2026-06-30 12:45:11 ERROR FunctionIDHeadlessPostscript.java> /rev.obj has no functions  
2026-06-30 12:45:11 ERROR FunctionIDHeadlessPostscript.java> /nicoll.obj has no functions  
2026-06-30 12:45:11 ERROR FunctionIDHeadlessPostscript.java> /str.obj has no functions  
2026-06-30 12:45:11 ERROR FunctionIDHeadlessPostscript.java> /nbcpy.obj has no functions  
2026-06-30 12:45:11 ERROR FunctionIDHeadlessPostscript.java> /ninc.obj has no functions  
2026-06-30 12:45:11 ERROR FunctionIDHeadlessPostscript.java> /chr.obj has no functions  
2026-06-30 12:45:11 ERROR FunctionIDHeadlessPostscript.java> /_mbscpy.obj has no functions  
2026-06-30 12:45:11 ERROR FunctionIDHeadlessPostscript.java> /cspn.obj has no functions  
2026-06-30 12:45:12 ERROR FunctionIDHeadlessPostscript.java> /dec.obj has no functions  
2026-06-30 12:45:12 ERROR FunctionIDHeadlessPostscript.java> /len.obj has no functions  
2026-06-30 12:45:12 ERROR FunctionIDHeadlessPostscript.java> /nbicoll.obj has no functions  
2026-06-30 12:45:12 ERROR FunctionIDHeadlessPostscript.java> /spn.obj has no functions  
2026-06-30 12:45:12 ERROR FunctionIDHeadlessPostscript.java> /icoll.obj has no functions  
2026-06-30 12:45:12 ERROR FunctionIDHeadlessPostscript.java> /nset.obj has no functions  
2026-06-30 12:45:12 ERROR FunctionIDHeadlessPostscript.java> /nicmp.obj has no functions  
2026-06-30 12:45:12 ERROR FunctionIDHeadlessPostscript.java> /nbicmp.obj has no functions  
2026-06-30 12:45:12 ERROR FunctionIDHeadlessPostscript.java> /_mbclen.obj has no functions  
2026-06-30 12:45:12 ERROR FunctionIDHeadlessPostscript.java> /rchr.obj has no functions  
2026-06-30 12:45:12 ERROR FunctionIDHeadlessPostscript.java> /set.obj has no functions  
2026-06-30 12:45:12 ERROR FunctionIDHeadlessPostscript.java> /nbcoll.obj has no functions  
2026-06-30 12:45:12 ERROR FunctionIDHeadlessPostscript.java> /nbcmp.obj has no functions  
2026-06-30 12:45:13 ERROR FunctionIDHeadlessPostscript.java> /upr.obj has no functions  
2026-06-30 12:45:13 ERROR FunctionIDHeadlessPostscript.java> /tok.obj has no functions  
2026-06-30 12:45:13 ERROR FunctionIDHeadlessPostscript.java> /nbset.obj has no functions  
2026-06-30 12:45:13 ERROR FunctionIDHeadlessPostscript.java> /nbcat.obj has no functions  
2026-06-30 12:45:13 ERROR FunctionIDHeadlessPostscript.java> /ncat.obj has no functions  
2026-06-30 12:45:13 ERROR FunctionIDHeadlessPostscript.java> /ncoll.obj has no functions  
2026-06-30 12:45:13 ERROR FunctionIDHeadlessPostscript.java> /ncmp.obj has no functions  
2026-06-30 12:45:13 ERROR FunctionIDHeadlessPostscript.java> /nextc.obj has no functions  
2026-06-30 12:45:13 ERROR FunctionIDHeadlessPostscript.java> /coll.obj has no functions  
2026-06-30 12:45:13 ERROR FunctionIDHeadlessPostscript.java> /nccnt.obj has no functions  
2026-06-30 12:45:13 ERROR FunctionIDHeadlessPostscript.java> /lwr.obj has no functions  
2026-06-30 12:45:13 ERROR FunctionIDHeadlessPostscript.java> /icmp.obj has no functions  
2026-06-30 12:46:57 ERROR FunctionIDHeadlessPostscript.java> /inetimpl.obj has no functions  
2026-06-30 12:47:03 ERROR FunctionIDHeadlessPostscript.java> /nolib.obj has no functions  
2026-06-30 12:47:22 ERROR FunctionIDHeadlessPostscript.java> /dumpflt.obj has no functions  
2026-06-30 12:47:27 ERROR FunctionIDHeadlessPostscript.java> /dumpinit.obj has no functions  
2026-06-30 12:47:50 ERROR FunctionIDHeadlessPostscript.java> /afxasert.obj has no functions  
